Copyright 1986-2021 Xilinx, Inc. All Rights Reserved.
------------------------------------------------------------------------------------
| Tool Version : Vivado v.2021.1 (lin64) Build 3247384 Thu Jun 10 19:36:07 MDT 2021
| Date         : Sat Apr 16 23:16:10 2022
| Host         : uberbertha running 64-bit Arch Linux
| Command      : report_control_sets -verbose -file soc_control_sets_placed.rpt
| Design       : soc
| Device       : xc7s50
------------------------------------------------------------------------------------

Control Set Information

Table of Contents
-----------------
1. Summary
2. Histogram
3. Flip-Flop Distribution
4. Detailed Control Set Information

1. Summary
----------

+----------------------------------------------------------+-------+
|                          Status                          | Count |
+----------------------------------------------------------+-------+
| Total control sets                                       |    88 |
|    Minimum number of control sets                        |    88 |
|    Addition due to synthesis replication                 |     0 |
|    Addition due to physical synthesis replication        |     0 |
| Unused register locations in slices containing registers |    77 |
+----------------------------------------------------------+-------+
* Control sets can be merged at opt_design using control_set_merge or merge_equivalent_drivers
** Run report_qor_suggestions for automated merging and remapping suggestions


2. Histogram
------------

+--------------------+-------+
|       Fanout       | Count |
+--------------------+-------+
| Total control sets |    88 |
| >= 0 to < 4        |     5 |
| >= 4 to < 6        |     0 |
| >= 6 to < 8        |     6 |
| >= 8 to < 10       |    64 |
| >= 10 to < 12      |     2 |
| >= 12 to < 14      |     1 |
| >= 14 to < 16      |     2 |
| >= 16              |     8 |
+--------------------+-------+
* Control sets can be remapped at either synth_design or opt_design


3. Flip-Flop Distribution
-------------------------

+--------------+-----------------------+------------------------+-----------------+--------------+
| Clock Enable | Synchronous Set/Reset | Asynchronous Set/Reset | Total Registers | Total Slices |
+--------------+-----------------------+------------------------+-----------------+--------------+
| No           | No                    | No                     |             235 |           98 |
| No           | No                    | Yes                    |               0 |            0 |
| No           | Yes                   | No                     |             120 |           51 |
| Yes          | No                    | No                     |             563 |          206 |
| Yes          | No                    | Yes                    |               0 |            0 |
| Yes          | Yes                   | No                     |             117 |           44 |
+--------------+-----------------------+------------------------+-----------------+--------------+


4. Detailed Control Set Information
-----------------------------------

+------------------------------------------------------+------------------------------------------------------------+------------------------------------------------------------+------------------+----------------+--------------+
|                     Clock Signal                     |                        Enable Signal                       |                      Set/Reset Signal                      | Slice Load Count | Bel Load Count | Bels / Slice |
+------------------------------------------------------+------------------------------------------------------------+------------------------------------------------------------+------------------+----------------+--------------+
| ~vga/horizontal_cntr/row_done                        | vga/vertical_cnter/set_vsync                               | vga/vertical_cnter/clear_vsync                             |                1 |              1 |         1.00 |
|  vga_clk_gen/inst/vga_clk                            | vga/horizontal_cntr/set_hsync                              | vga/horizontal_cntr/clear_hsync                            |                1 |              1 |         1.00 |
| ~vga/horizontal_cntr/row_done                        |                                                            |                                                            |                1 |              1 |         1.00 |
|  vga_clk_gen/inst/vga_clk                            |                                                            |                                                            |                2 |              3 |         1.50 |
|  vga_clk_gen/inst/vga_mem_clk                        |                                                            |                                                            |                3 |              3 |         1.00 |
| ~sys_clk_gen/inst/core_clk                           | pipeline/memory_stage/sf_reg_file/sfr_array[31][7]_i_1_n_0 | pipeline/memory_stage/sf_reg_file/sfr_array[27][7]_i_1_n_0 |                3 |              7 |         2.33 |
|  sys_clk_gen/inst/core_clk                           | pipeline/id_ex_register/mem_ptr_ctl_signals[6]_i_1_n_0     |                                                            |                3 |              7 |         2.33 |
| ~sys_clk_gen/inst/core_clk                           | pipeline/memory_stage/sf_reg_file/sfr_array[30][7]_i_1_n_0 | pipeline/memory_stage/sf_reg_file/sfr_array[27][7]_i_1_n_0 |                2 |              7 |         3.50 |
| ~sys_clk_gen/inst/core_clk                           | pipeline/memory_stage/sf_reg_file/sfr_array[27][7]_i_2_n_0 | pipeline/memory_stage/sf_reg_file/sfr_array[27][7]_i_1_n_0 |                1 |              7 |         7.00 |
| ~sys_clk_gen/inst/core_clk                           | pipeline/memory_stage/sf_reg_file/sfr_array[28][7]_i_1_n_0 | pipeline/memory_stage/sf_reg_file/sfr_array[27][7]_i_1_n_0 |                2 |              7 |         3.50 |
| ~sys_clk_gen/inst/core_clk                           | pipeline/memory_stage/sf_reg_file/sfr_array[29][7]_i_1_n_0 | pipeline/memory_stage/sf_reg_file/sfr_array[27][7]_i_1_n_0 |                1 |              7 |         7.00 |
| ~sys_clk_gen/inst/core_clk                           | pipeline/reg_file/reg_file[3][7]_i_1_n_0                   |                                                            |                3 |              8 |         2.67 |
| ~sys_clk_gen/inst/core_clk                           | pipeline/memory_stage/sf_reg_file/sfr_array[1][7]_i_1_n_0  |                                                            |                4 |              8 |         2.00 |
| ~sys_clk_gen/inst/core_clk                           | pipeline/memory_stage/sf_reg_file/sfr_array[20][7]_i_1_n_0 |                                                            |                3 |              8 |         2.67 |
| ~sys_clk_gen/inst/core_clk                           | pipeline/memory_stage/sf_reg_file/sfr_array[23][7]_i_1_n_0 |                                                            |                3 |              8 |         2.67 |
| ~sys_clk_gen/inst/core_clk                           | pipeline/reg_file/reg_file[9][7]_i_1_n_0                   |                                                            |                5 |              8 |         1.60 |
| ~sys_clk_gen/inst/core_clk                           | pipeline/reg_file/reg_file[8][7]_i_1_n_0                   |                                                            |                3 |              8 |         2.67 |
| ~sys_clk_gen/inst/core_clk                           | pipeline/reg_file/reg_file[7][7]_i_1_n_0                   |                                                            |                6 |              8 |         1.33 |
| ~sys_clk_gen/inst/core_clk                           | pipeline/reg_file/reg_file[6][7]_i_1_n_0                   |                                                            |                4 |              8 |         2.00 |
| ~sys_clk_gen/inst/core_clk                           | pipeline/reg_file/reg_file[4][7]_i_1_n_0                   |                                                            |                1 |              8 |         8.00 |
| ~sys_clk_gen/inst/core_clk                           | pipeline/reg_file/reg_file[5][7]_i_1_n_0                   |                                                            |                6 |              8 |         1.33 |
| ~sys_clk_gen/inst/core_clk                           | pipeline/reg_file/reg_file[31][7]_i_1_n_0                  |                                                            |                4 |              8 |         2.00 |
| ~sys_clk_gen/inst/core_clk                           | pipeline/reg_file/reg_file[30][7]_i_1_n_0                  |                                                            |                5 |              8 |         1.60 |
| ~sys_clk_gen/inst/core_clk                           | pipeline/reg_file/reg_file[2][7]_i_1_n_0                   |                                                            |                2 |              8 |         4.00 |
| ~sys_clk_gen/inst/core_clk                           | pipeline/reg_file/reg_file[28][7]_i_1_n_0                  |                                                            |                2 |              8 |         4.00 |
| ~sys_clk_gen/inst/core_clk                           | pipeline/memory_stage/sf_reg_file/sfr_array[12][1]_i_1_n_0 |                                                            |                1 |              8 |         8.00 |
|  sys_clk_gen/inst/mem_clk_clk_gen_en_clk             |                                                            |                                                            |                1 |              8 |         8.00 |
|  vga_clk_gen/inst/vga_clk                            |                                                            | vga/horizontal_cntr/row_done                               |                3 |              8 |         2.67 |
|  vga_clk_gen/inst/vga_clk_vga_pix_clk_gen_en_clk     |                                                            |                                                            |                1 |              8 |         8.00 |
|  vga_clk_gen/inst/vga_mem_clk_vga_pix_clk_gen_en_clk |                                                            |                                                            |                1 |              8 |         8.00 |
|  sys_clk_gen/inst/core_clk_clk_gen_en_clk            |                                                            |                                                            |                1 |              8 |         8.00 |
|  sys_clk_gen/inst/ila_clk_clk_gen_en_clk             |                                                            |                                                            |                1 |              8 |         8.00 |
| ~sys_clk_gen/inst/core_clk                           | pipeline/memory_stage/sf_reg_file/sfr_array[24][7]_i_1_n_0 |                                                            |                1 |              8 |         8.00 |
| ~sys_clk_gen/inst/core_clk                           | pipeline/memory_stage/sf_reg_file/sfr_array[13][7]_i_1_n_0 |                                                            |                2 |              8 |         4.00 |
| ~sys_clk_gen/inst/core_clk                           | pipeline/memory_stage/sf_reg_file/sfr_array[3][7]_i_1_n_0  |                                                            |                2 |              8 |         4.00 |
| ~sys_clk_gen/inst/core_clk                           | pipeline/memory_stage/sf_reg_file/sfr_array[11][0]_i_1_n_0 |                                                            |                2 |              8 |         4.00 |
| ~sys_clk_gen/inst/core_clk                           | pipeline/memory_stage/sf_reg_file/sfr_array[25][7]_i_1_n_0 |                                                            |                1 |              8 |         8.00 |
| ~sys_clk_gen/inst/core_clk                           | pipeline/memory_stage/sf_reg_file/sfr_array[15][7]_i_1_n_0 |                                                            |                3 |              8 |         2.67 |
| ~sys_clk_gen/inst/core_clk                           | pipeline/memory_stage/sf_reg_file/sfr_array[14][7]_i_1_n_0 |                                                            |                3 |              8 |         2.67 |
| ~sys_clk_gen/inst/core_clk                           | pipeline/memory_stage/sf_reg_file/sfr_array[0][7]_i_1_n_0  |                                                            |                3 |              8 |         2.67 |
| ~sys_clk_gen/inst/core_clk                           | pipeline/reg_file/reg_file[29][7]_i_1_n_0                  |                                                            |                3 |              8 |         2.67 |
| ~sys_clk_gen/inst/core_clk                           | pipeline/reg_file/reg_file[16][7]_i_1_n_0                  |                                                            |                2 |              8 |         4.00 |
| ~sys_clk_gen/inst/core_clk                           | pipeline/memory_stage/sf_reg_file/sfr_array[26][7]_i_1_n_0 |                                                            |                2 |              8 |         4.00 |
| ~sys_clk_gen/inst/core_clk                           | pipeline/reg_file/reg_file[11][7]_i_1_n_0                  |                                                            |                3 |              8 |         2.67 |
| ~sys_clk_gen/inst/core_clk                           | pipeline/reg_file/reg_file[10][7]_i_1_n_0                  |                                                            |                3 |              8 |         2.67 |
| ~sys_clk_gen/inst/core_clk                           | pipeline/reg_file/reg_file[0][7]_i_1_n_0                   |                                                            |                3 |              8 |         2.67 |
| ~sys_clk_gen/inst/core_clk                           | pipeline/memory_stage/sf_reg_file/sfr_array[9][7]_i_1_n_0  |                                                            |                4 |              8 |         2.00 |
| ~sys_clk_gen/inst/core_clk                           | pipeline/memory_stage/sf_reg_file/sfr_array[8][1]_i_1_n_0  |                                                            |                2 |              8 |         4.00 |
| ~sys_clk_gen/inst/core_clk                           | pipeline/memory_stage/sf_reg_file/sfr_array[7][7]_i_1_n_0  |                                                            |                3 |              8 |         2.67 |
| ~sys_clk_gen/inst/core_clk                           | pipeline/memory_stage/sf_reg_file/sfr_array[6][7]_i_1_n_0  |                                                            |                1 |              8 |         8.00 |
| ~sys_clk_gen/inst/core_clk                           | pipeline/memory_stage/sf_reg_file/sfr_array[5][7]_i_1_n_0  |                                                            |                2 |              8 |         4.00 |
| ~sys_clk_gen/inst/core_clk                           | pipeline/reg_file/reg_file[26][7]_i_1_n_0                  |                                                            |                3 |              8 |         2.67 |
| ~sys_clk_gen/inst/core_clk                           | pipeline/memory_stage/sf_reg_file/sfr_array[2][7]_i_1_n_0  |                                                            |                2 |              8 |         4.00 |
| ~sys_clk_gen/inst/core_clk                           | pipeline/memory_stage/sf_reg_file/sfr_array[19][7]_i_1_n_0 |                                                            |                3 |              8 |         2.67 |
| ~sys_clk_gen/inst/core_clk                           | pipeline/memory_stage/sf_reg_file/sfr_array[18][7]_i_1_n_0 |                                                            |                1 |              8 |         8.00 |
| ~sys_clk_gen/inst/core_clk                           | pipeline/memory_stage/sf_reg_file/sfr_array[17][7]_i_1_n_0 |                                                            |                1 |              8 |         8.00 |
| ~sys_clk_gen/inst/core_clk                           | pipeline/memory_stage/sf_reg_file/sfr_array[16][7]_i_1_n_0 |                                                            |                1 |              8 |         8.00 |
| ~sys_clk_gen/inst/core_clk                           | pipeline/memory_stage/sf_reg_file/sfr_array[4][7]_i_1_n_0  |                                                            |                1 |              8 |         8.00 |
| ~sys_clk_gen/inst/core_clk                           |                                                            | pipeline/memory_stage/sf_reg_file/out_data                 |                2 |              8 |         4.00 |
| ~sys_clk_gen/inst/core_clk                           | pipeline/reg_file/reg_file[19][7]_i_1_n_0                  |                                                            |                3 |              8 |         2.67 |
| ~sys_clk_gen/inst/core_clk                           | pipeline/reg_file/reg_file[25][7]_i_1_n_0                  |                                                            |                4 |              8 |         2.00 |
| ~sys_clk_gen/inst/core_clk                           | pipeline/reg_file/reg_file[24][7]_i_1_n_0                  |                                                            |                3 |              8 |         2.67 |
| ~sys_clk_gen/inst/core_clk                           | pipeline/reg_file/reg_file[23][7]_i_1_n_0                  |                                                            |                5 |              8 |         1.60 |
| ~sys_clk_gen/inst/core_clk                           | pipeline/reg_file/reg_file[22][7]_i_1_n_0                  |                                                            |                4 |              8 |         2.00 |
| ~sys_clk_gen/inst/core_clk                           | pipeline/reg_file/reg_file[21][7]_i_1_n_0                  |                                                            |                4 |              8 |         2.00 |
| ~sys_clk_gen/inst/core_clk                           | pipeline/reg_file/reg_file[27][7]_i_1_n_0                  |                                                            |                5 |              8 |         1.60 |
| ~sys_clk_gen/inst/core_clk                           | pipeline/reg_file/reg_file[20][7]_i_1_n_0                  |                                                            |                3 |              8 |         2.67 |
| ~sys_clk_gen/inst/core_clk                           | pipeline/reg_file/reg_file[1][7]_i_1_n_0                   |                                                            |                1 |              8 |         8.00 |
| ~sys_clk_gen/inst/core_clk                           | pipeline/reg_file/reg_file[18][7]_i_1_n_0                  |                                                            |                2 |              8 |         4.00 |
| ~sys_clk_gen/inst/core_clk                           | pipeline/reg_file/reg_file[17][7]_i_1_n_0                  |                                                            |                2 |              8 |         4.00 |
| ~sys_clk_gen/inst/core_clk                           | pipeline/reg_file/reg_file[15][7]_i_1_n_0                  |                                                            |                3 |              8 |         2.67 |
| ~sys_clk_gen/inst/core_clk                           | pipeline/reg_file/reg_file[14][7]_i_1_n_0                  |                                                            |                3 |              8 |         2.67 |
| ~sys_clk_gen/inst/core_clk                           | pipeline/reg_file/reg_file[13][7]_i_1_n_0                  |                                                            |                3 |              8 |         2.67 |
| ~sys_clk_gen/inst/core_clk                           | pipeline/reg_file/reg_file[12][7]_i_1_n_0                  |                                                            |                6 |              8 |         1.33 |
| ~sys_clk_gen/inst/core_clk                           |                                                            |                                                            |                4 |              9 |         2.25 |
| ~vga/horizontal_cntr/row_done                        |                                                            | vga/vertical_cnter/frm_done                                |                5 |             10 |         2.00 |
|  sys_clk_gen/inst/mem_clk                            |                                                            |                                                            |                9 |             11 |         1.22 |
|  vga_clk_gen/inst/vga_clk                            |                                                            | vga/pixel[11]_i_1_n_0                                      |                5 |             12 |         2.40 |
|  sys_clk_gen/inst/core_clk                           | hazard_unit/stall_fetch                                    |                                                            |                4 |             14 |         3.50 |
|  vga_clk_gen/inst/vga_clk                            | vga/horizontal_cntr/row_done                               | vga/memory_addr[14]_i_1_n_0                                |                5 |             15 |         3.00 |
| ~sys_clk_gen/inst/core_clk                           | pipeline/memory_stage/sf_reg_file/sfr_array[10][7]_i_1_n_0 |                                                            |                7 |             16 |         2.29 |
| ~sys_clk_gen/inst/core_clk                           | pipeline/memory_stage/sf_reg_file/sfr_array[21][7]_i_1_n_0 |                                                            |                7 |             16 |         2.29 |
| ~sys_clk_gen/inst/core_clk                           | pipeline/memory_stage/sf_reg_file/sfr_array[22][7]_i_1_n_0 |                                                            |               10 |             16 |         1.60 |
|  sys_clk_gen/inst/core_clk                           | pipeline/memory_stage/sf_reg_file/sfr_file_out[104]        | pipeline/memory_stage/sf_reg_file/sfr_file_out[105]        |                6 |             24 |         4.00 |
|  vga_clk_gen/inst/vga_clk                            | vga/memory_addr[14]_i_2_n_0                                | vga/memory_addr[14]_i_1_n_0                                |               22 |             41 |         1.86 |
|  sys_clk_gen/inst/core_clk                           | pipeline/stall_ifid                                        |                                                            |               15 |             46 |         3.07 |
|  sys_clk_gen/inst/core_clk                           |                                                            | hazard_unit/stall_decode                                   |               36 |             82 |         2.28 |
|  sys_clk_gen/inst/core_clk                           |                                                            |                                                            |               74 |            168 |         2.27 |
+------------------------------------------------------+------------------------------------------------------------+------------------------------------------------------------+------------------+----------------+--------------+


